---
source: parser/tests/cfg_snapshots.rs
expression: "parse_cfg_from_statements(\"\n        if true {\n          let a = 1\n        } else if true {\n          let a = 1\n          let b = 1\n        } else if true {\n          let a = 1\n          let b = 1\n          let c = 1\n        } else if true {\n          let a = 1\n          let b = 1\n          let c = 1\n          let d = 1\n        } else {\n          let a = 1\n          let b = 1\n          let c = 1\n          let d = 1\n          let e = 1\n        }\n        \")"
---
digraph {
    0 [ label = "Entry" ]
    1 [ label = "Exit" ]
    2 [ label = "BasicBlock(0)" ]
    3 [ label = "BasicBlock(1)" ]
    4 [ label = "BasicBlock(0)" ]
    5 [ label = "BasicBlock(2)" ]
    6 [ label = "BasicBlock(0)" ]
    7 [ label = "BasicBlock(3)" ]
    8 [ label = "BasicBlock(0)" ]
    9 [ label = "BasicBlock(4)" ]
    10 [ label = "BasicBlock(5)" ]
    0 -> 2 [ label = "Normal" ]
    2 -> 3 [ label = "ConditionTrue(2)" ]
    2 -> 4 [ label = "ConditionFalse(2)" ]
    4 -> 5 [ label = "ConditionTrue(3)" ]
    4 -> 6 [ label = "ConditionFalse(3)" ]
    6 -> 7 [ label = "ConditionTrue(4)" ]
    6 -> 8 [ label = "ConditionFalse(4)" ]
    8 -> 9 [ label = "ConditionTrue(5)" ]
    8 -> 10 [ label = "ConditionFalse(5)" ]
    10 -> 1 [ label = "Normal" ]
    3 -> 1 [ label = "Normal" ]
    5 -> 1 [ label = "Normal" ]
    7 -> 1 [ label = "Normal" ]
    9 -> 1 [ label = "Normal" ]
}

