---
source: parser/tests/cfg_snapshots.rs
expression: "parse_cfg_from_statements(\"\n              if true {\n                let a = 1\n              } else {\n                let a = 1\n                let b = 1\n                if true {\n                  let a = 1\n                  let b = 1\n                  let c = 1\n                } else {\n                  let a = 1\n                  let b = 1\n                  let c = 1\n                  let d = 1\n                }\n                let b = 1\n              }\n              \")"
---
digraph {
    0 [ label = "Entry" ]
    1 [ label = "Exit" ]
    2 [ label = "BranchCondition" ]
    3 [ label = "BasicBlock(1)" ]
    4 [ label = "BasicBlock(2)" ]
    5 [ label = "BranchCondition" ]
    6 [ label = "BasicBlock(3)" ]
    7 [ label = "BasicBlock(4)" ]
    8 [ label = "BasicBlock(1)" ]
    0 -> 2 [ label = "Normal" ]
    2 -> 3 [ label = "ConditionTrue" ]
    2 -> 4 [ label = "ConditionFalse" ]
    4 -> 5 [ label = "Normal" ]
    5 -> 6 [ label = "ConditionTrue" ]
    5 -> 7 [ label = "ConditionFalse" ]
    6 -> 8 [ label = "Normal" ]
    7 -> 8 [ label = "Normal" ]
    8 -> 1 [ label = "Normal" ]
    3 -> 1 [ label = "Normal" ]
}

