---
source: parser/tests/cfg_snapshots.rs
expression: "parse_cfg_from_statements(\"\n        if true {\n          let a = 1\n        } else if true {\n          let a = 1\n          let b = 2\n        }\n        if true {\n          let a = 1\n          let b = 2\n          let c = 3\n        } else if true {\n          let a = 1\n          let b = 2\n          let c = 3\n          let d = 4\n        } else {\n          let a = 1\n          let b = 2\n          let c = 3\n          let d = 4\n          let e = 5\n        }\n        let a = 1\n        if true {\n          let a = 1\n          let b = 2\n          let c = 3\n        } else if true {\n          let a = 1\n          let b = 2\n          let c = 3\n          let d = 4\n        } else {\n          let a = 1\n          let b = 2\n          let c = 3\n          let d = 4\n          let e = 5\n        }\n        \")"
---
digraph {
    0 [ label = "Entry" ]
    1 [ label = "Exit" ]
    2 [ label = "BasicBlock(0)" ]
    3 [ label = "BasicBlock(1)" ]
    4 [ label = "BasicBlock(0)" ]
    5 [ label = "BasicBlock(2)" ]
    6 [ label = "BasicBlock(0)" ]
    7 [ label = "BasicBlock(3)" ]
    8 [ label = "BasicBlock(0)" ]
    9 [ label = "BasicBlock(4)" ]
    10 [ label = "BasicBlock(5)" ]
    11 [ label = "BasicBlock(1)" ]
    12 [ label = "BasicBlock(3)" ]
    13 [ label = "BasicBlock(0)" ]
    14 [ label = "BasicBlock(4)" ]
    15 [ label = "BasicBlock(5)" ]
    0 -> 2 [ label = "Normal" ]
    2 -> 3 [ label = "ConditionTrue(2)" ]
    2 -> 4 [ label = "ConditionFalse(2)" ]
    4 -> 5 [ label = "ConditionTrue(3)" ]
    3 -> 6 [ label = "Normal" ]
    4 -> 6 [ label = "ConditionFalse(3)" ]
    5 -> 6 [ label = "Normal" ]
    6 -> 7 [ label = "ConditionTrue(2)" ]
    6 -> 8 [ label = "ConditionFalse(2)" ]
    8 -> 9 [ label = "ConditionTrue(3)" ]
    8 -> 10 [ label = "ConditionFalse(3)" ]
    7 -> 11 [ label = "Normal" ]
    9 -> 11 [ label = "Normal" ]
    10 -> 11 [ label = "Normal" ]
    11 -> 12 [ label = "ConditionTrue(2)" ]
    11 -> 13 [ label = "ConditionFalse(2)" ]
    13 -> 14 [ label = "ConditionTrue(3)" ]
    13 -> 15 [ label = "ConditionFalse(3)" ]
    15 -> 1 [ label = "Normal" ]
    12 -> 1 [ label = "Normal" ]
    14 -> 1 [ label = "Normal" ]
}

